<html>
<body>
<pre>
<h1>µVision Build Log</h1>
<h2>Tool Versions:</h2>
IDE-Version: µVision V5.31.0.0
Copyright (C) 2020 ARM Ltd and ARM Germany GmbH. All rights reserved.
License Information: douglas dougl, sadasd, LIC=----
 
Tool Versions:
Toolchain:       MDK-Lite  Version: 5.31.0.0
Toolchain Path:  E:\Keil_v5\ARM\ARMCC\Bin
C Compiler:      Armcc.exe V5.06 update 6 (build 750)
Assembler:       Armasm.exe V5.06 update 6 (build 750)
Linker/Locator:  ArmLink.exe V5.06 update 6 (build 750)
Library Manager: ArmAr.exe V5.06 update 6 (build 750)
Hex Converter:   FromElf.exe V5.06 update 6 (build 750)
CPU DLL:         SARMCM3.DLL V5.31.0.0
Dialog DLL:      DCM.DLL V1.17.3.0
Target DLL:      STLink\ST-LINKIII-KEIL_SWO.dll V3.0.7.0
Dialog DLL:      TCM.DLL V1.46.0.0
 
<h2>Project:</h2>
C:\Users\dougl\Google Drive\Faculdade\GitHub\Embarcados\Trabalho 2 - Douglas P Rodrigues\T2_EMBARCADOS_DOUGLAS\MDK-ARM\T2_EMBARCADOS_DOUGLAS.uvprojx
Project File Date:  10/13/2020

<h2>Output:</h2>
*** Using Compiler 'V5.06 update 6 (build 750)', folder: 'E:\Keil_v5\ARM\ARMCC\Bin'
Rebuild target 'T2_EMBARCADOS_DOUGLAS'
assembling startup_stm32f103x6.s...
compiling gpio.c...
compiling main.c...
../Src/main.c(74): warning:  #188-D: enumerated type mixed with another type
  	HAL_GPIO_WritePin(GPIOA, RS_Pin,0);  //RS em zero para mandar comando
../Src/main.c(78): warning:  #188-D: enumerated type mixed with another type
  	HAL_GPIO_WritePin(GPIOA, EN_Pin,1);			//en 1
../Src/main.c(80): warning:  #188-D: enumerated type mixed with another type
  	HAL_GPIO_WritePin(GPIOA, EN_Pin,0);			//en 0
../Src/main.c(97): warning:  #188-D: enumerated type mixed with another type
  	HAL_GPIO_WritePin(GPIOA, RS_Pin,1);  //RS em zero para mandar dados
../Src/main.c(101): warning:  #188-D: enumerated type mixed with another type
  	HAL_GPIO_WritePin(GPIOA, EN_Pin,1);			//en 1
../Src/main.c(103): warning:  #188-D: enumerated type mixed with another type
  	HAL_GPIO_WritePin(GPIOA, EN_Pin,0);			//en 0
../Src/main.c: 6 warnings, 0 errors
compiling stm32f1xx_it.c...
compiling stm32f1xx_hal_gpio_ex.c...
compiling stm32f1xx_hal_msp.c...
compiling stm32f1xx_hal_tim.c...
compiling stm32f1xx_hal_tim_ex.c...
compiling stm32f1xx_hal.c...
compiling stm32f1xx_hal_rcc.c...
compiling stm32f1xx_hal_rcc_ex.c...
compiling stm32f1xx_hal_gpio.c...
compiling stm32f1xx_hal_dma.c...
compiling stm32f1xx_hal_cortex.c...
compiling stm32f1xx_hal_pwr.c...
compiling stm32f1xx_hal_flash.c...
compiling stm32f1xx_hal_flash_ex.c...
compiling system_stm32f1xx.c...
compiling stm32f1xx_hal_exti.c...
linking...
Program Size: Code=2518 RO-data=286 RW-data=16 ZI-data=1024  
FromELF: creating hex file...
"T2_EMBARCADOS_DOUGLAS\T2_EMBARCADOS_DOUGLAS.axf" - 0 Error(s), 6 Warning(s).

<h2>Software Packages used:</h2>

Package Vendor: ARM
                http://www.keil.com/pack/ARM.CMSIS.5.7.0.pack
                ARM.CMSIS.5.7.0
                CMSIS (Cortex Microcontroller Software Interface Standard)
   * Component: CORE Version: 5.4.0

Package Vendor: Keil
                http://www.keil.com/pack/Keil.STM32F1xx_DFP.2.3.0.pack
                Keil.STM32F1xx_DFP.2.3.0
                STMicroelectronics STM32F1 Series Device Support, Drivers and Examples

<h2>Collection of Component include folders:</h2>
  .\RTE\_T2_EMBARCADOS_DOUGLAS
  C:\Users\dougl\AppData\Local\Arm\Packs\ARM\CMSIS\5.7.0\CMSIS\Core\Include
  C:\Users\dougl\AppData\Local\Arm\Packs\Keil\STM32F1xx_DFP\2.3.0\Device\Include

<h2>Collection of Component Files used:</h2>

   * Component: ARM::CMSIS:CORE:5.4.0
Build Time Elapsed:  00:00:38
</pre>
</body>
</html>
