<html>
<body>
<pre>
<h1>µVision Build Log</h1>
<h2>Tool Versions:</h2>
IDE-Version: µVision V5.31.0.0
Copyright (C) 2020 ARM Ltd and ARM Germany GmbH. All rights reserved.
License Information: douglas dougl, sadasd, LIC=----
 
Tool Versions:
Toolchain:       MDK-Lite  Version: 5.31.0.0
Toolchain Path:  E:\Keil_v5\ARM\ARMCC\Bin
C Compiler:      Armcc.exe V5.06 update 6 (build 750)
Assembler:       Armasm.exe V5.06 update 6 (build 750)
Linker/Locator:  ArmLink.exe V5.06 update 6 (build 750)
Library Manager: ArmAr.exe V5.06 update 6 (build 750)
Hex Converter:   FromElf.exe V5.06 update 6 (build 750)
CPU DLL:         SARMCM3.DLL V5.31.0.0
Dialog DLL:      DCM.DLL V1.17.3.0
Target DLL:      STLink\ST-LINKIII-KEIL_SWO.dll V3.0.7.0
Dialog DLL:      TCM.DLL V1.46.0.0
 
<h2>Project:</h2>
C:\Users\dougl\Google Drive\Faculdade\GitHub\Embarcados\Trabalho 2 - Douglas P Rodrigues\T2_EMBARCADOS_DOUGLAS\MDK-ARM\T2_EMBARCADOS_DOUGLAS.uvprojx
Project File Date:  10/22/2020

<h2>Output:</h2>
*** Using Compiler 'V5.06 update 6 (build 750)', folder: 'E:\Keil_v5\ARM\ARMCC\Bin'
Build target 'T2_EMBARCADOS_DOUGLAS'
compiling main.c...
../Src/main.c(83): warning:  #188-D: enumerated type mixed with another type
  	HAL_GPIO_WritePin(GPIOA, RS_Pin,0);  //RS em zero para mandar comando
../Src/main.c(87): warning:  #188-D: enumerated type mixed with another type
  	HAL_GPIO_WritePin(GPIOA, EN_Pin,1);			//en 1
../Src/main.c(89): warning:  #188-D: enumerated type mixed with another type
  	HAL_GPIO_WritePin(GPIOA, EN_Pin,0);			//en 0
../Src/main.c(106): warning:  #188-D: enumerated type mixed with another type
  	HAL_GPIO_WritePin(GPIOA, RS_Pin,1);  //RS em zero para mandar dados
../Src/main.c(110): warning:  #188-D: enumerated type mixed with another type
  	HAL_GPIO_WritePin(GPIOA, EN_Pin,1);			//en 1
../Src/main.c(112): warning:  #188-D: enumerated type mixed with another type
  	HAL_GPIO_WritePin(GPIOA, EN_Pin,0);			//en 0
../Src/main.c(608): warning:  #550-D: variable "dado3"  was set but never used
  	uint8_t dado1, dado2, dado3;
../Src/main.c(676): warning:  #188-D: enumerated type mixed with another type
  	HAL_GPIO_WritePin(GPIOB, MUX_A_Pin,0);
../Src/main.c(677): warning:  #188-D: enumerated type mixed with another type
  	HAL_GPIO_WritePin(GPIOB, MUX_B_Pin,0);
../Src/main.c(685): warning:  #188-D: enumerated type mixed with another type
  	HAL_GPIO_WritePin(GPIOB, MUX_A_Pin,1);
../Src/main.c(686): warning:  #188-D: enumerated type mixed with another type
  	HAL_GPIO_WritePin(GPIOB, MUX_B_Pin,0);
../Src/main.c(694): warning:  #188-D: enumerated type mixed with another type
  	HAL_GPIO_WritePin(GPIOB, MUX_A_Pin,0);
../Src/main.c(695): warning:  #188-D: enumerated type mixed with another type
  	HAL_GPIO_WritePin(GPIOB, MUX_B_Pin,1);
../Src/main.c(705): warning:  #111-D: statement is unreachable
  		break;
../Src/main.c(708): warning:  #111-D: statement is unreachable
  		break;
../Src/main.c(711): warning:  #111-D: statement is unreachable
  		break;
../Src/main.c(713): warning:  #940-D: missing return statement at end of non-void function "le_AD" 
  }
../Src/main.c(720): warning:  #188-D: enumerated type mixed with another type
  	if (pwm == 0) HAL_GPIO_WritePin(GPIOB, PWM1_Pin,0);
../Src/main.c(722): warning:  #188-D: enumerated type mixed with another type
  		if (contador <= pwm)	HAL_GPIO_WritePin(GPIOB, PWM1_Pin,1);
../Src/main.c(723): warning:  #188-D: enumerated type mixed with another type
  		else 	HAL_GPIO_WritePin(GPIOB, PWM1_Pin,0);	
../Src/main.c(726): warning:  #188-D: enumerated type mixed with another type
  		HAL_GPIO_WritePin(GPIOB, PWM1_Pin,1);
../Src/main.c(744): warning:  #188-D: enumerated type mixed with another type
  	HAL_GPIO_WritePin(GPIOB, RL1_Pin,1);
../Src/main.c(750): warning:  #188-D: enumerated type mixed with another type
  	HAL_GPIO_WritePin(GPIOB, RL1_Pin,0);
../Src/main.c(794): warning:  #177-D: variable "aux_contador"  was declared but never referenced
  	static int aux_contador =0, diferenca =0, aux=0;
../Src/main.c(794): warning:  #177-D: variable "diferenca"  was declared but never referenced
  	static int aux_contador =0, diferenca =0, aux=0;
../Src/main.c(794): warning:  #177-D: variable "aux"  was declared but never referenced
  	static int aux_contador =0, diferenca =0, aux=0;
../Src/main.c: 26 warnings, 0 errors
linking...
Program Size: Code=15820 RO-data=436 RW-data=116 ZI-data=1212  
FromELF: creating hex file...
"T2_EMBARCADOS_DOUGLAS\T2_EMBARCADOS_DOUGLAS.axf" - 0 Error(s), 26 Warning(s).

<h2>Software Packages used:</h2>

Package Vendor: ARM
                http://www.keil.com/pack/ARM.CMSIS.5.7.0.pack
                ARM.CMSIS.5.7.0
                CMSIS (Cortex Microcontroller Software Interface Standard)
   * Component: CORE Version: 5.4.0

Package Vendor: Keil
                http://www.keil.com/pack/Keil.STM32F1xx_DFP.2.3.0.pack
                Keil.STM32F1xx_DFP.2.3.0
                STMicroelectronics STM32F1 Series Device Support, Drivers and Examples

<h2>Collection of Component include folders:</h2>
  .\RTE\_T2_EMBARCADOS_DOUGLAS
  C:\Users\dougl\AppData\Local\Arm\Packs\ARM\CMSIS\5.7.0\CMSIS\Core\Include
  C:\Users\dougl\AppData\Local\Arm\Packs\Keil\STM32F1xx_DFP\2.3.0\Device\Include

<h2>Collection of Component Files used:</h2>

   * Component: ARM::CMSIS:CORE:5.4.0
Build Time Elapsed:  00:00:04
</pre>
</body>
</html>
